  甇??斗閬???撠?...
  ???獢?冽??啁????舫脰?????
H:\0_REVIT MCP\REVIT_MCP_study-main\MCP\Core\CommandExecutor.cs(279,33): warning CS0618: 'ElementId.IntegerValue' 撌脩???: 'This property is deprecated in Revit 2024 and may be removed in a future version of Revit. Please use the Value property instead.' [H:\0_REVIT MCP\REVIT_MCP_study-main\MCP\RevitMCP.2024.csproj]
H:\0_REVIT MCP\REVIT_MCP_study-main\MCP\Core\CommandExecutor.cs(280,44): warning CS0618: 'ElementId.IntegerValue' 撌脩???: 'This property is deprecated in Revit 2024 and may be removed in a future version of Revit. Please use the Value property instead.' [H:\0_REVIT MCP\REVIT_MCP_study-main\MCP\RevitMCP.2024.csproj]
H:\0_REVIT MCP\REVIT_MCP_study-main\MCP\Core\CommandExecutor.cs(319,33): warning CS0618: 'ElementId.IntegerValue' 撌脩???: 'This property is deprecated in Revit 2024 and may be removed in a future version of Revit. Please use the Value property instead.' [H:\0_REVIT MCP\REVIT_MCP_study-main\MCP\RevitMCP.2024.csproj]
H:\0_REVIT MCP\REVIT_MCP_study-main\MCP\Core\CommandExecutor.cs(362,29): warning CS0618: 'ElementId.IntegerValue' 撌脩???: 'This property is deprecated in Revit 2024 and may be removed in a future version of Revit. Please use the Value property instead.' [H:\0_REVIT MCP\REVIT_MCP_study-main\MCP\RevitMCP.2024.csproj]
H:\0_REVIT MCP\REVIT_MCP_study-main\MCP\Core\CommandExecutor.cs(455,33): warning CS0618: 'ElementId.IntegerValue' 撌脩???: 'This property is deprecated in Revit 2024 and may be removed in a future version of Revit. Please use the Value property instead.' [H:\0_REVIT MCP\REVIT_MCP_study-main\MCP\RevitMCP.2024.csproj]
H:\0_REVIT MCP\REVIT_MCP_study-main\MCP\Core\CommandExecutor.cs(457,45): warning CS0618: 'ElementId.IntegerValue' 撌脩???: 'This property is deprecated in Revit 2024 and may be removed in a future version of Revit. Please use the Value property instead.' [H:\0_REVIT MCP\REVIT_MCP_study-main\MCP\RevitMCP.2024.csproj]
H:\0_REVIT MCP\REVIT_MCP_study-main\MCP\Core\CommandExecutor.cs(478,46): warning CS0618: 'ElementId.ElementId(int)' 撌脩???: 'This constructor is deprecated in Revit 2024 and may be removed in a future version of Revit. Please use the ElementId(Int64 id) constructor instead.' [H:\0_REVIT MCP\REVIT_MCP_study-main\MCP\RevitMCP.2024.csproj]
H:\0_REVIT MCP\REVIT_MCP_study-main\MCP\Core\CommandExecutor.cs(584,33): warning CS0618: 'ElementId.IntegerValue' 撌脩???: 'This property is deprecated in Revit 2024 and may be removed in a future version of Revit. Please use the Value property instead.' [H:\0_REVIT MCP\REVIT_MCP_study-main\MCP\RevitMCP.2024.csproj]
H:\0_REVIT MCP\REVIT_MCP_study-main\MCP\Core\CommandExecutor.cs(587,44): warning CS0618: 'ElementId.IntegerValue' 撌脩???: 'This property is deprecated in Revit 2024 and may be removed in a future version of Revit. Please use the Value property instead.' [H:\0_REVIT MCP\REVIT_MCP_study-main\MCP\RevitMCP.2024.csproj]
H:\0_REVIT MCP\REVIT_MCP_study-main\MCP\Core\CommandExecutor.cs(642,33): warning CS0618: 'ElementId.IntegerValue' 撌脩???: 'This property is deprecated in Revit 2024 and may be removed in a future version of Revit. Please use the Value property instead.' [H:\0_REVIT MCP\REVIT_MCP_study-main\MCP\RevitMCP.2024.csproj]
H:\0_REVIT MCP\REVIT_MCP_study-main\MCP\Core\CommandExecutor.cs(645,44): warning CS0618: 'ElementId.IntegerValue' 撌脩???: 'This property is deprecated in Revit 2024 and may be removed in a future version of Revit. Please use the Value property instead.' [H:\0_REVIT MCP\REVIT_MCP_study-main\MCP\RevitMCP.2024.csproj]
H:\0_REVIT MCP\REVIT_MCP_study-main\MCP\Core\CommandExecutor.cs(674,37): warning CS0618: 'ElementId.IntegerValue' 撌脩???: 'This property is deprecated in Revit 2024 and may be removed in a future version of Revit. Please use the Value property instead.' [H:\0_REVIT MCP\REVIT_MCP_study-main\MCP\RevitMCP.2024.csproj]
H:\0_REVIT MCP\REVIT_MCP_study-main\MCP\Core\CommandExecutor.cs(706,22): warning CS0618: 'ElementId.IntegerValue' 撌脩???: 'This property is deprecated in Revit 2024 and may be removed in a future version of Revit. Please use the Value property instead.' [H:\0_REVIT MCP\REVIT_MCP_study-main\MCP\RevitMCP.2024.csproj]
H:\0_REVIT MCP\REVIT_MCP_study-main\MCP\Core\CommandExecutor.cs(707,22): warning CS0618: 'ElementId.IntegerValue' 撌脩???: 'This property is deprecated in Revit 2024 and may be removed in a future version of Revit. Please use the Value property instead.' [H:\0_REVIT MCP\REVIT_MCP_study-main\MCP\RevitMCP.2024.csproj]
H:\0_REVIT MCP\REVIT_MCP_study-main\MCP\Core\CommandExecutor.cs(728,37): warning CS0618: 'ElementId.IntegerValue' 撌脩???: 'This property is deprecated in Revit 2024 and may be removed in a future version of Revit. Please use the Value property instead.' [H:\0_REVIT MCP\REVIT_MCP_study-main\MCP\RevitMCP.2024.csproj]
H:\0_REVIT MCP\REVIT_MCP_study-main\MCP\Core\CommandExecutor.cs(780,26): warning CS0618: 'ElementId.IntegerValue' 撌脩???: 'This property is deprecated in Revit 2024 and may be removed in a future version of Revit. Please use the Value property instead.' [H:\0_REVIT MCP\REVIT_MCP_study-main\MCP\RevitMCP.2024.csproj]
H:\0_REVIT MCP\REVIT_MCP_study-main\MCP\Core\CommandExecutor.cs(781,26): warning CS0618: 'ElementId.IntegerValue' 撌脩???: 'This property is deprecated in Revit 2024 and may be removed in a future version of Revit. Please use the Value property instead.' [H:\0_REVIT MCP\REVIT_MCP_study-main\MCP\RevitMCP.2024.csproj]
H:\0_REVIT MCP\REVIT_MCP_study-main\MCP\Core\CommandExecutor.cs(830,33): warning CS0618: 'ElementId.IntegerValue' 撌脩???: 'This property is deprecated in Revit 2024 and may be removed in a future version of Revit. Please use the Value property instead.' [H:\0_REVIT MCP\REVIT_MCP_study-main\MCP\RevitMCP.2024.csproj]
H:\0_REVIT MCP\REVIT_MCP_study-main\MCP\Core\CommandExecutor.cs(836,45): warning CS0618: 'ElementId.IntegerValue' 撌脩???: 'This property is deprecated in Revit 2024 and may be removed in a future version of Revit. Please use the Value property instead.' [H:\0_REVIT MCP\REVIT_MCP_study-main\MCP\RevitMCP.2024.csproj]
H:\0_REVIT MCP\REVIT_MCP_study-main\MCP\Core\CommandExecutor.cs(855,33): warning CS0618: 'ElementId.IntegerValue' 撌脩???: 'This property is deprecated in Revit 2024 and may be removed in a future version of Revit. Please use the Value property instead.' [H:\0_REVIT MCP\REVIT_MCP_study-main\MCP\RevitMCP.2024.csproj]
H:\0_REVIT MCP\REVIT_MCP_study-main\MCP\Core\CommandExecutor.cs(936,33): warning CS0618: 'ElementId.IntegerValue' 撌脩???: 'This property is deprecated in Revit 2024 and may be removed in a future version of Revit. Please use the Value property instead.' [H:\0_REVIT MCP\REVIT_MCP_study-main\MCP\RevitMCP.2024.csproj]
H:\0_REVIT MCP\REVIT_MCP_study-main\MCP\Core\CommandExecutor.cs(943,45): warning CS0618: 'ElementId.IntegerValue' 撌脩???: 'This property is deprecated in Revit 2024 and may be removed in a future version of Revit. Please use the Value property instead.' [H:\0_REVIT MCP\REVIT_MCP_study-main\MCP\RevitMCP.2024.csproj]
H:\0_REVIT MCP\REVIT_MCP_study-main\MCP\Core\CommandExecutor.cs(961,39): warning CS0618: 'ElementId.ElementId(int)' 撌脩???: 'This constructor is deprecated in Revit 2024 and may be removed in a future version of Revit. Please use the ElementId(Int64 id) constructor instead.' [H:\0_REVIT MCP\REVIT_MCP_study-main\MCP\RevitMCP.2024.csproj]
H:\0_REVIT MCP\REVIT_MCP_study-main\MCP\Core\CommandExecutor.cs(992,29): warning CS0618: 'ElementId.IntegerValue' 撌脩???: 'This property is deprecated in Revit 2024 and may be removed in a future version of Revit. Please use the Value property instead.' [H:\0_REVIT MCP\REVIT_MCP_study-main\MCP\RevitMCP.2024.csproj]
H:\0_REVIT MCP\REVIT_MCP_study-main\MCP\Core\CommandExecutor.cs(1047,37): warning CS0618: 'ElementId.IntegerValue' 撌脩???: 'This property is deprecated in Revit 2024 and may be removed in a future version of Revit. Please use the Value property instead.' [H:\0_REVIT MCP\REVIT_MCP_study-main\MCP\RevitMCP.2024.csproj]
H:\0_REVIT MCP\REVIT_MCP_study-main\MCP\Core\CommandExecutor.cs(1068,27): warning CS0618: 'ElementId.IntegerValue' 撌脩???: 'This property is deprecated in Revit 2024 and may be removed in a future version of Revit. Please use the Value property instead.' [H:\0_REVIT MCP\REVIT_MCP_study-main\MCP\RevitMCP.2024.csproj]
H:\0_REVIT MCP\REVIT_MCP_study-main\MCP\Core\CommandExecutor.cs(1103,37): warning CS0618: 'ElementId.IntegerValue' 撌脩???: 'This property is deprecated in Revit 2024 and may be removed in a future version of Revit. Please use the Value property instead.' [H:\0_REVIT MCP\REVIT_MCP_study-main\MCP\RevitMCP.2024.csproj]
H:\0_REVIT MCP\REVIT_MCP_study-main\MCP\Core\CommandExecutor.cs(1141,29): warning CS0618: 'ElementId.IntegerValue' 撌脩???: 'This property is deprecated in Revit 2024 and may be removed in a future version of Revit. Please use the Value property instead.' [H:\0_REVIT MCP\REVIT_MCP_study-main\MCP\RevitMCP.2024.csproj]
H:\0_REVIT MCP\REVIT_MCP_study-main\MCP\Core\CommandExecutor.cs(1157,40): warning CS0618: 'ElementId.ElementId(int)' 撌脩???: 'This constructor is deprecated in Revit 2024 and may be removed in a future version of Revit. Please use the ElementId(Int64 id) constructor instead.' [H:\0_REVIT MCP\REVIT_MCP_study-main\MCP\RevitMCP.2024.csproj]
H:\0_REVIT MCP\REVIT_MCP_study-main\MCP\Core\CommandExecutor.cs(1185,44): warning CS0618: 'ElementId.ElementId(int)' 撌脩???: 'This constructor is deprecated in Revit 2024 and may be removed in a future version of Revit. Please use the ElementId(Int64 id) constructor instead.' [H:\0_REVIT MCP\REVIT_MCP_study-main\MCP\RevitMCP.2024.csproj]
H:\0_REVIT MCP\REVIT_MCP_study-main\MCP\Core\CommandExecutor.cs(1194,48): warning CS0618: 'ElementId.ElementId(int)' 撌脩???: 'This constructor is deprecated in Revit 2024 and may be removed in a future version of Revit. Please use the ElementId(Int64 id) constructor instead.' [H:\0_REVIT MCP\REVIT_MCP_study-main\MCP\RevitMCP.2024.csproj]
H:\0_REVIT MCP\REVIT_MCP_study-main\MCP\Core\CommandExecutor.cs(1224,46): warning CS0618: 'ElementId.ElementId(int)' 撌脩???: 'This constructor is deprecated in Revit 2024 and may be removed in a future version of Revit. Please use the ElementId(Int64 id) constructor instead.' [H:\0_REVIT MCP\REVIT_MCP_study-main\MCP\RevitMCP.2024.csproj]
H:\0_REVIT MCP\REVIT_MCP_study-main\MCP\Core\CommandExecutor.cs(1231,52): warning CS0618: 'ElementId.ElementId(int)' 撌脩???: 'This constructor is deprecated in Revit 2024 and may be removed in a future version of Revit. Please use the ElementId(Int64 id) constructor instead.' [H:\0_REVIT MCP\REVIT_MCP_study-main\MCP\RevitMCP.2024.csproj]
H:\0_REVIT MCP\REVIT_MCP_study-main\MCP\Core\CommandExecutor.cs(1332,40): warning CS0618: 'ElementId.ElementId(int)' 撌脩???: 'This constructor is deprecated in Revit 2024 and may be removed in a future version of Revit. Please use the ElementId(Int64 id) constructor instead.' [H:\0_REVIT MCP\REVIT_MCP_study-main\MCP\RevitMCP.2024.csproj]
H:\0_REVIT MCP\REVIT_MCP_study-main\MCP\Core\CommandExecutor.cs(1390,35): warning CS0618: 'ElementId.IntegerValue' 撌脩???: 'This property is deprecated in Revit 2024 and may be removed in a future version of Revit. Please use the Value property instead.' [H:\0_REVIT MCP\REVIT_MCP_study-main\MCP\RevitMCP.2024.csproj]
H:\0_REVIT MCP\REVIT_MCP_study-main\MCP\Core\CommandExecutor.cs(1478,37): warning CS0618: 'ElementId.IntegerValue' 撌脩???: 'This property is deprecated in Revit 2024 and may be removed in a future version of Revit. Please use the Value property instead.' [H:\0_REVIT MCP\REVIT_MCP_study-main\MCP\RevitMCP.2024.csproj]
H:\0_REVIT MCP\REVIT_MCP_study-main\MCP\Core\CommandExecutor.cs(1546,60): warning CS0618: 'ElementId.ElementId(int)' 撌脩???: 'This constructor is deprecated in Revit 2024 and may be removed in a future version of Revit. Please use the ElementId(Int64 id) constructor instead.' [H:\0_REVIT MCP\REVIT_MCP_study-main\MCP\RevitMCP.2024.csproj]
H:\0_REVIT MCP\REVIT_MCP_study-main\MCP\Core\CommandExecutor.cs(1595,40): warning CS0618: 'ElementId.IntegerValue' 撌脩???: 'This property is deprecated in Revit 2024 and may be removed in a future version of Revit. Please use the Value property instead.' [H:\0_REVIT MCP\REVIT_MCP_study-main\MCP\RevitMCP.2024.csproj]
H:\0_REVIT MCP\REVIT_MCP_study-main\MCP\Core\CommandExecutor.cs(1617,30): warning CS0618: 'ElementId.IntegerValue' 撌脩???: 'This property is deprecated in Revit 2024 and may be removed in a future version of Revit. Please use the Value property instead.' [H:\0_REVIT MCP\REVIT_MCP_study-main\MCP\RevitMCP.2024.csproj]
H:\0_REVIT MCP\REVIT_MCP_study-main\MCP\Core\CommandExecutor.cs(1642,39): warning CS0618: 'ElementId.ElementId(int)' 撌脩???: 'This constructor is deprecated in Revit 2024 and may be removed in a future version of Revit. Please use the ElementId(Int64 id) constructor instead.' [H:\0_REVIT MCP\REVIT_MCP_study-main\MCP\RevitMCP.2024.csproj]
H:\0_REVIT MCP\REVIT_MCP_study-main\MCP\Core\CommandExecutor.cs(1652,46): warning CS0618: 'ElementId.ElementId(int)' 撌脩???: 'This constructor is deprecated in Revit 2024 and may be removed in a future version of Revit. Please use the ElementId(Int64 id) constructor instead.' [H:\0_REVIT MCP\REVIT_MCP_study-main\MCP\RevitMCP.2024.csproj]
H:\0_REVIT MCP\REVIT_MCP_study-main\MCP\Core\CommandExecutor.cs(1747,42): warning CS0618: 'ElementId.ElementId(int)' 撌脩???: 'This constructor is deprecated in Revit 2024 and may be removed in a future version of Revit. Please use the ElementId(Int64 id) constructor instead.' [H:\0_REVIT MCP\REVIT_MCP_study-main\MCP\RevitMCP.2024.csproj]
H:\0_REVIT MCP\REVIT_MCP_study-main\MCP\Core\CommandExecutor.cs(1755,30): warning CS0618: 'ElementId.IntegerValue' 撌脩???: 'This property is deprecated in Revit 2024 and may be removed in a future version of Revit. Please use the Value property instead.' [H:\0_REVIT MCP\REVIT_MCP_study-main\MCP\RevitMCP.2024.csproj]
H:\0_REVIT MCP\REVIT_MCP_study-main\MCP\Core\CommandExecutor.cs(1778,39): warning CS0618: 'ElementId.ElementId(int)' 撌脩???: 'This constructor is deprecated in Revit 2024 and may be removed in a future version of Revit. Please use the ElementId(Int64 id) constructor instead.' [H:\0_REVIT MCP\REVIT_MCP_study-main\MCP\RevitMCP.2024.csproj]
H:\0_REVIT MCP\REVIT_MCP_study-main\MCP\Core\CommandExecutor.cs(1810,54): warning CS0618: 'ElementId.ElementId(int)' 撌脩???: 'This constructor is deprecated in Revit 2024 and may be removed in a future version of Revit. Please use the ElementId(Int64 id) constructor instead.' [H:\0_REVIT MCP\REVIT_MCP_study-main\MCP\RevitMCP.2024.csproj]
H:\0_REVIT MCP\REVIT_MCP_study-main\MCP\Core\CommandExecutor.cs(1814,50): warning CS0618: 'ElementId.ElementId(int)' 撌脩???: 'This constructor is deprecated in Revit 2024 and may be removed in a future version of Revit. Please use the ElementId(Int64 id) constructor instead.' [H:\0_REVIT MCP\REVIT_MCP_study-main\MCP\RevitMCP.2024.csproj]
H:\0_REVIT MCP\REVIT_MCP_study-main\MCP\Core\CommandExecutor.cs(1825,30): warning CS0618: 'ElementId.IntegerValue' 撌脩???: 'This property is deprecated in Revit 2024 and may be removed in a future version of Revit. Please use the Value property instead.' [H:\0_REVIT MCP\REVIT_MCP_study-main\MCP\RevitMCP.2024.csproj]
H:\0_REVIT MCP\REVIT_MCP_study-main\MCP\Core\CommandExecutor.cs(1876,67): warning CS0618: 'ElementId.ElementId(int)' 撌脩???: 'This constructor is deprecated in Revit 2024 and may be removed in a future version of Revit. Please use the ElementId(Int64 id) constructor instead.' [H:\0_REVIT MCP\REVIT_MCP_study-main\MCP\RevitMCP.2024.csproj]
H:\0_REVIT MCP\REVIT_MCP_study-main\MCP\Core\CommandExecutor.cs(1878,45): warning CS0618: 'ElementId.IntegerValue' 撌脩???: 'This property is deprecated in Revit 2024 and may be removed in a future version of Revit. Please use the Value property instead.' [H:\0_REVIT MCP\REVIT_MCP_study-main\MCP\RevitMCP.2024.csproj]
H:\0_REVIT MCP\REVIT_MCP_study-main\MCP\Core\CommandExecutor.cs(2111,41): warning CS0618: 'ElementId.IntegerValue' 撌脩???: 'This property is deprecated in Revit 2024 and may be removed in a future version of Revit. Please use the Value property instead.' [H:\0_REVIT MCP\REVIT_MCP_study-main\MCP\RevitMCP.2024.csproj]
H:\0_REVIT MCP\REVIT_MCP_study-main\MCP\Core\CommandExecutor.cs(2147,55): warning CS0618: 'ElementId.IntegerValue' 撌脩???: 'This property is deprecated in Revit 2024 and may be removed in a future version of Revit. Please use the Value property instead.' [H:\0_REVIT MCP\REVIT_MCP_study-main\MCP\RevitMCP.2024.csproj]
H:\0_REVIT MCP\REVIT_MCP_study-main\MCP\Core\CommandExecutor.cs(2151,30): warning CS0618: 'ElementId.IntegerValue' 撌脩???: 'This property is deprecated in Revit 2024 and may be removed in a future version of Revit. Please use the Value property instead.' [H:\0_REVIT MCP\REVIT_MCP_study-main\MCP\RevitMCP.2024.csproj]
H:\0_REVIT MCP\REVIT_MCP_study-main\MCP\Core\CommandExecutor.cs(2252,49): error CS1501: ?寞? 'NewFamilyInstance' 瘝?隞颱?憭?雿輻 2 ????[H:\0_REVIT MCP\REVIT_MCP_study-main\MCP\RevitMCP.2024.csproj]
H:\0_REVIT MCP\REVIT_MCP_study-main\MCP\Core\CommandExecutor.cs(2337,80): warning CS0618: 'ElementId.IntegerValue' 撌脩???: 'This property is deprecated in Revit 2024 and may be removed in a future version of Revit. Please use the Value property instead.' [H:\0_REVIT MCP\REVIT_MCP_study-main\MCP\RevitMCP.2024.csproj]

撱箇蔭憭望???

H:\0_REVIT MCP\REVIT_MCP_study-main\MCP\Core\CommandExecutor.cs(279,33): warning CS0618: 'ElementId.IntegerValue' 撌脩???: 'This property is deprecated in Revit 2024 and may be removed in a future version of Revit. Please use the Value property instead.' [H:\0_REVIT MCP\REVIT_MCP_study-main\MCP\RevitMCP.2024.csproj]
H:\0_REVIT MCP\REVIT_MCP_study-main\MCP\Core\CommandExecutor.cs(280,44): warning CS0618: 'ElementId.IntegerValue' 撌脩???: 'This property is deprecated in Revit 2024 and may be removed in a future version of Revit. Please use the Value property instead.' [H:\0_REVIT MCP\REVIT_MCP_study-main\MCP\RevitMCP.2024.csproj]
H:\0_REVIT MCP\REVIT_MCP_study-main\MCP\Core\CommandExecutor.cs(319,33): warning CS0618: 'ElementId.IntegerValue' 撌脩???: 'This property is deprecated in Revit 2024 and may be removed in a future version of Revit. Please use the Value property instead.' [H:\0_REVIT MCP\REVIT_MCP_study-main\MCP\RevitMCP.2024.csproj]
H:\0_REVIT MCP\REVIT_MCP_study-main\MCP\Core\CommandExecutor.cs(362,29): warning CS0618: 'ElementId.IntegerValue' 撌脩???: 'This property is deprecated in Revit 2024 and may be removed in a future version of Revit. Please use the Value property instead.' [H:\0_REVIT MCP\REVIT_MCP_study-main\MCP\RevitMCP.2024.csproj]
H:\0_REVIT MCP\REVIT_MCP_study-main\MCP\Core\CommandExecutor.cs(455,33): warning CS0618: 'ElementId.IntegerValue' 撌脩???: 'This property is deprecated in Revit 2024 and may be removed in a future version of Revit. Please use the Value property instead.' [H:\0_REVIT MCP\REVIT_MCP_study-main\MCP\RevitMCP.2024.csproj]
H:\0_REVIT MCP\REVIT_MCP_study-main\MCP\Core\CommandExecutor.cs(457,45): warning CS0618: 'ElementId.IntegerValue' 撌脩???: 'This property is deprecated in Revit 2024 and may be removed in a future version of Revit. Please use the Value property instead.' [H:\0_REVIT MCP\REVIT_MCP_study-main\MCP\RevitMCP.2024.csproj]
H:\0_REVIT MCP\REVIT_MCP_study-main\MCP\Core\CommandExecutor.cs(478,46): warning CS0618: 'ElementId.ElementId(int)' 撌脩???: 'This constructor is deprecated in Revit 2024 and may be removed in a future version of Revit. Please use the ElementId(Int64 id) constructor instead.' [H:\0_REVIT MCP\REVIT_MCP_study-main\MCP\RevitMCP.2024.csproj]
H:\0_REVIT MCP\REVIT_MCP_study-main\MCP\Core\CommandExecutor.cs(584,33): warning CS0618: 'ElementId.IntegerValue' 撌脩???: 'This property is deprecated in Revit 2024 and may be removed in a future version of Revit. Please use the Value property instead.' [H:\0_REVIT MCP\REVIT_MCP_study-main\MCP\RevitMCP.2024.csproj]
H:\0_REVIT MCP\REVIT_MCP_study-main\MCP\Core\CommandExecutor.cs(587,44): warning CS0618: 'ElementId.IntegerValue' 撌脩???: 'This property is deprecated in Revit 2024 and may be removed in a future version of Revit. Please use the Value property instead.' [H:\0_REVIT MCP\REVIT_MCP_study-main\MCP\RevitMCP.2024.csproj]
H:\0_REVIT MCP\REVIT_MCP_study-main\MCP\Core\CommandExecutor.cs(642,33): warning CS0618: 'ElementId.IntegerValue' 撌脩???: 'This property is deprecated in Revit 2024 and may be removed in a future version of Revit. Please use the Value property instead.' [H:\0_REVIT MCP\REVIT_MCP_study-main\MCP\RevitMCP.2024.csproj]
H:\0_REVIT MCP\REVIT_MCP_study-main\MCP\Core\CommandExecutor.cs(645,44): warning CS0618: 'ElementId.IntegerValue' 撌脩???: 'This property is deprecated in Revit 2024 and may be removed in a future version of Revit. Please use the Value property instead.' [H:\0_REVIT MCP\REVIT_MCP_study-main\MCP\RevitMCP.2024.csproj]
H:\0_REVIT MCP\REVIT_MCP_study-main\MCP\Core\CommandExecutor.cs(674,37): warning CS0618: 'ElementId.IntegerValue' 撌脩???: 'This property is deprecated in Revit 2024 and may be removed in a future version of Revit. Please use the Value property instead.' [H:\0_REVIT MCP\REVIT_MCP_study-main\MCP\RevitMCP.2024.csproj]
H:\0_REVIT MCP\REVIT_MCP_study-main\MCP\Core\CommandExecutor.cs(706,22): warning CS0618: 'ElementId.IntegerValue' 撌脩???: 'This property is deprecated in Revit 2024 and may be removed in a future version of Revit. Please use the Value property instead.' [H:\0_REVIT MCP\REVIT_MCP_study-main\MCP\RevitMCP.2024.csproj]
H:\0_REVIT MCP\REVIT_MCP_study-main\MCP\Core\CommandExecutor.cs(707,22): warning CS0618: 'ElementId.IntegerValue' 撌脩???: 'This property is deprecated in Revit 2024 and may be removed in a future version of Revit. Please use the Value property instead.' [H:\0_REVIT MCP\REVIT_MCP_study-main\MCP\RevitMCP.2024.csproj]
H:\0_REVIT MCP\REVIT_MCP_study-main\MCP\Core\CommandExecutor.cs(728,37): warning CS0618: 'ElementId.IntegerValue' 撌脩???: 'This property is deprecated in Revit 2024 and may be removed in a future version of Revit. Please use the Value property instead.' [H:\0_REVIT MCP\REVIT_MCP_study-main\MCP\RevitMCP.2024.csproj]
H:\0_REVIT MCP\REVIT_MCP_study-main\MCP\Core\CommandExecutor.cs(780,26): warning CS0618: 'ElementId.IntegerValue' 撌脩???: 'This property is deprecated in Revit 2024 and may be removed in a future version of Revit. Please use the Value property instead.' [H:\0_REVIT MCP\REVIT_MCP_study-main\MCP\RevitMCP.2024.csproj]
H:\0_REVIT MCP\REVIT_MCP_study-main\MCP\Core\CommandExecutor.cs(781,26): warning CS0618: 'ElementId.IntegerValue' 撌脩???: 'This property is deprecated in Revit 2024 and may be removed in a future version of Revit. Please use the Value property instead.' [H:\0_REVIT MCP\REVIT_MCP_study-main\MCP\RevitMCP.2024.csproj]
H:\0_REVIT MCP\REVIT_MCP_study-main\MCP\Core\CommandExecutor.cs(830,33): warning CS0618: 'ElementId.IntegerValue' 撌脩???: 'This property is deprecated in Revit 2024 and may be removed in a future version of Revit. Please use the Value property instead.' [H:\0_REVIT MCP\REVIT_MCP_study-main\MCP\RevitMCP.2024.csproj]
H:\0_REVIT MCP\REVIT_MCP_study-main\MCP\Core\CommandExecutor.cs(836,45): warning CS0618: 'ElementId.IntegerValue' 撌脩???: 'This property is deprecated in Revit 2024 and may be removed in a future version of Revit. Please use the Value property instead.' [H:\0_REVIT MCP\REVIT_MCP_study-main\MCP\RevitMCP.2024.csproj]
H:\0_REVIT MCP\REVIT_MCP_study-main\MCP\Core\CommandExecutor.cs(855,33): warning CS0618: 'ElementId.IntegerValue' 撌脩???: 'This property is deprecated in Revit 2024 and may be removed in a future version of Revit. Please use the Value property instead.' [H:\0_REVIT MCP\REVIT_MCP_study-main\MCP\RevitMCP.2024.csproj]
H:\0_REVIT MCP\REVIT_MCP_study-main\MCP\Core\CommandExecutor.cs(936,33): warning CS0618: 'ElementId.IntegerValue' 撌脩???: 'This property is deprecated in Revit 2024 and may be removed in a future version of Revit. Please use the Value property instead.' [H:\0_REVIT MCP\REVIT_MCP_study-main\MCP\RevitMCP.2024.csproj]
H:\0_REVIT MCP\REVIT_MCP_study-main\MCP\Core\CommandExecutor.cs(943,45): warning CS0618: 'ElementId.IntegerValue' 撌脩???: 'This property is deprecated in Revit 2024 and may be removed in a future version of Revit. Please use the Value property instead.' [H:\0_REVIT MCP\REVIT_MCP_study-main\MCP\RevitMCP.2024.csproj]
H:\0_REVIT MCP\REVIT_MCP_study-main\MCP\Core\CommandExecutor.cs(961,39): warning CS0618: 'ElementId.ElementId(int)' 撌脩???: 'This constructor is deprecated in Revit 2024 and may be removed in a future version of Revit. Please use the ElementId(Int64 id) constructor instead.' [H:\0_REVIT MCP\REVIT_MCP_study-main\MCP\RevitMCP.2024.csproj]
H:\0_REVIT MCP\REVIT_MCP_study-main\MCP\Core\CommandExecutor.cs(992,29): warning CS0618: 'ElementId.IntegerValue' 撌脩???: 'This property is deprecated in Revit 2024 and may be removed in a future version of Revit. Please use the Value property instead.' [H:\0_REVIT MCP\REVIT_MCP_study-main\MCP\RevitMCP.2024.csproj]
H:\0_REVIT MCP\REVIT_MCP_study-main\MCP\Core\CommandExecutor.cs(1047,37): warning CS0618: 'ElementId.IntegerValue' 撌脩???: 'This property is deprecated in Revit 2024 and may be removed in a future version of Revit. Please use the Value property instead.' [H:\0_REVIT MCP\REVIT_MCP_study-main\MCP\RevitMCP.2024.csproj]
H:\0_REVIT MCP\REVIT_MCP_study-main\MCP\Core\CommandExecutor.cs(1068,27): warning CS0618: 'ElementId.IntegerValue' 撌脩???: 'This property is deprecated in Revit 2024 and may be removed in a future version of Revit. Please use the Value property instead.' [H:\0_REVIT MCP\REVIT_MCP_study-main\MCP\RevitMCP.2024.csproj]
H:\0_REVIT MCP\REVIT_MCP_study-main\MCP\Core\CommandExecutor.cs(1103,37): warning CS0618: 'ElementId.IntegerValue' 撌脩???: 'This property is deprecated in Revit 2024 and may be removed in a future version of Revit. Please use the Value property instead.' [H:\0_REVIT MCP\REVIT_MCP_study-main\MCP\RevitMCP.2024.csproj]
H:\0_REVIT MCP\REVIT_MCP_study-main\MCP\Core\CommandExecutor.cs(1141,29): warning CS0618: 'ElementId.IntegerValue' 撌脩???: 'This property is deprecated in Revit 2024 and may be removed in a future version of Revit. Please use the Value property instead.' [H:\0_REVIT MCP\REVIT_MCP_study-main\MCP\RevitMCP.2024.csproj]
H:\0_REVIT MCP\REVIT_MCP_study-main\MCP\Core\CommandExecutor.cs(1157,40): warning CS0618: 'ElementId.ElementId(int)' 撌脩???: 'This constructor is deprecated in Revit 2024 and may be removed in a future version of Revit. Please use the ElementId(Int64 id) constructor instead.' [H:\0_REVIT MCP\REVIT_MCP_study-main\MCP\RevitMCP.2024.csproj]
H:\0_REVIT MCP\REVIT_MCP_study-main\MCP\Core\CommandExecutor.cs(1185,44): warning CS0618: 'ElementId.ElementId(int)' 撌脩???: 'This constructor is deprecated in Revit 2024 and may be removed in a future version of Revit. Please use the ElementId(Int64 id) constructor instead.' [H:\0_REVIT MCP\REVIT_MCP_study-main\MCP\RevitMCP.2024.csproj]
H:\0_REVIT MCP\REVIT_MCP_study-main\MCP\Core\CommandExecutor.cs(1194,48): warning CS0618: 'ElementId.ElementId(int)' 撌脩???: 'This constructor is deprecated in Revit 2024 and may be removed in a future version of Revit. Please use the ElementId(Int64 id) constructor instead.' [H:\0_REVIT MCP\REVIT_MCP_study-main\MCP\RevitMCP.2024.csproj]
H:\0_REVIT MCP\REVIT_MCP_study-main\MCP\Core\CommandExecutor.cs(1224,46): warning CS0618: 'ElementId.ElementId(int)' 撌脩???: 'This constructor is deprecated in Revit 2024 and may be removed in a future version of Revit. Please use the ElementId(Int64 id) constructor instead.' [H:\0_REVIT MCP\REVIT_MCP_study-main\MCP\RevitMCP.2024.csproj]
H:\0_REVIT MCP\REVIT_MCP_study-main\MCP\Core\CommandExecutor.cs(1231,52): warning CS0618: 'ElementId.ElementId(int)' 撌脩???: 'This constructor is deprecated in Revit 2024 and may be removed in a future version of Revit. Please use the ElementId(Int64 id) constructor instead.' [H:\0_REVIT MCP\REVIT_MCP_study-main\MCP\RevitMCP.2024.csproj]
H:\0_REVIT MCP\REVIT_MCP_study-main\MCP\Core\CommandExecutor.cs(1332,40): warning CS0618: 'ElementId.ElementId(int)' 撌脩???: 'This constructor is deprecated in Revit 2024 and may be removed in a future version of Revit. Please use the ElementId(Int64 id) constructor instead.' [H:\0_REVIT MCP\REVIT_MCP_study-main\MCP\RevitMCP.2024.csproj]
H:\0_REVIT MCP\REVIT_MCP_study-main\MCP\Core\CommandExecutor.cs(1390,35): warning CS0618: 'ElementId.IntegerValue' 撌脩???: 'This property is deprecated in Revit 2024 and may be removed in a future version of Revit. Please use the Value property instead.' [H:\0_REVIT MCP\REVIT_MCP_study-main\MCP\RevitMCP.2024.csproj]
H:\0_REVIT MCP\REVIT_MCP_study-main\MCP\Core\CommandExecutor.cs(1478,37): warning CS0618: 'ElementId.IntegerValue' 撌脩???: 'This property is deprecated in Revit 2024 and may be removed in a future version of Revit. Please use the Value property instead.' [H:\0_REVIT MCP\REVIT_MCP_study-main\MCP\RevitMCP.2024.csproj]
H:\0_REVIT MCP\REVIT_MCP_study-main\MCP\Core\CommandExecutor.cs(1546,60): warning CS0618: 'ElementId.ElementId(int)' 撌脩???: 'This constructor is deprecated in Revit 2024 and may be removed in a future version of Revit. Please use the ElementId(Int64 id) constructor instead.' [H:\0_REVIT MCP\REVIT_MCP_study-main\MCP\RevitMCP.2024.csproj]
H:\0_REVIT MCP\REVIT_MCP_study-main\MCP\Core\CommandExecutor.cs(1595,40): warning CS0618: 'ElementId.IntegerValue' 撌脩???: 'This property is deprecated in Revit 2024 and may be removed in a future version of Revit. Please use the Value property instead.' [H:\0_REVIT MCP\REVIT_MCP_study-main\MCP\RevitMCP.2024.csproj]
H:\0_REVIT MCP\REVIT_MCP_study-main\MCP\Core\CommandExecutor.cs(1617,30): warning CS0618: 'ElementId.IntegerValue' 撌脩???: 'This property is deprecated in Revit 2024 and may be removed in a future version of Revit. Please use the Value property instead.' [H:\0_REVIT MCP\REVIT_MCP_study-main\MCP\RevitMCP.2024.csproj]
H:\0_REVIT MCP\REVIT_MCP_study-main\MCP\Core\CommandExecutor.cs(1642,39): warning CS0618: 'ElementId.ElementId(int)' 撌脩???: 'This constructor is deprecated in Revit 2024 and may be removed in a future version of Revit. Please use the ElementId(Int64 id) constructor instead.' [H:\0_REVIT MCP\REVIT_MCP_study-main\MCP\RevitMCP.2024.csproj]
H:\0_REVIT MCP\REVIT_MCP_study-main\MCP\Core\CommandExecutor.cs(1652,46): warning CS0618: 'ElementId.ElementId(int)' 撌脩???: 'This constructor is deprecated in Revit 2024 and may be removed in a future version of Revit. Please use the ElementId(Int64 id) constructor instead.' [H:\0_REVIT MCP\REVIT_MCP_study-main\MCP\RevitMCP.2024.csproj]
H:\0_REVIT MCP\REVIT_MCP_study-main\MCP\Core\CommandExecutor.cs(1747,42): warning CS0618: 'ElementId.ElementId(int)' 撌脩???: 'This constructor is deprecated in Revit 2024 and may be removed in a future version of Revit. Please use the ElementId(Int64 id) constructor instead.' [H:\0_REVIT MCP\REVIT_MCP_study-main\MCP\RevitMCP.2024.csproj]
H:\0_REVIT MCP\REVIT_MCP_study-main\MCP\Core\CommandExecutor.cs(1755,30): warning CS0618: 'ElementId.IntegerValue' 撌脩???: 'This property is deprecated in Revit 2024 and may be removed in a future version of Revit. Please use the Value property instead.' [H:\0_REVIT MCP\REVIT_MCP_study-main\MCP\RevitMCP.2024.csproj]
H:\0_REVIT MCP\REVIT_MCP_study-main\MCP\Core\CommandExecutor.cs(1778,39): warning CS0618: 'ElementId.ElementId(int)' 撌脩???: 'This constructor is deprecated in Revit 2024 and may be removed in a future version of Revit. Please use the ElementId(Int64 id) constructor instead.' [H:\0_REVIT MCP\REVIT_MCP_study-main\MCP\RevitMCP.2024.csproj]
H:\0_REVIT MCP\REVIT_MCP_study-main\MCP\Core\CommandExecutor.cs(1810,54): warning CS0618: 'ElementId.ElementId(int)' 撌脩???: 'This constructor is deprecated in Revit 2024 and may be removed in a future version of Revit. Please use the ElementId(Int64 id) constructor instead.' [H:\0_REVIT MCP\REVIT_MCP_study-main\MCP\RevitMCP.2024.csproj]
H:\0_REVIT MCP\REVIT_MCP_study-main\MCP\Core\CommandExecutor.cs(1814,50): warning CS0618: 'ElementId.ElementId(int)' 撌脩???: 'This constructor is deprecated in Revit 2024 and may be removed in a future version of Revit. Please use the ElementId(Int64 id) constructor instead.' [H:\0_REVIT MCP\REVIT_MCP_study-main\MCP\RevitMCP.2024.csproj]
H:\0_REVIT MCP\REVIT_MCP_study-main\MCP\Core\CommandExecutor.cs(1825,30): warning CS0618: 'ElementId.IntegerValue' 撌脩???: 'This property is deprecated in Revit 2024 and may be removed in a future version of Revit. Please use the Value property instead.' [H:\0_REVIT MCP\REVIT_MCP_study-main\MCP\RevitMCP.2024.csproj]
H:\0_REVIT MCP\REVIT_MCP_study-main\MCP\Core\CommandExecutor.cs(1876,67): warning CS0618: 'ElementId.ElementId(int)' 撌脩???: 'This constructor is deprecated in Revit 2024 and may be removed in a future version of Revit. Please use the ElementId(Int64 id) constructor instead.' [H:\0_REVIT MCP\REVIT_MCP_study-main\MCP\RevitMCP.2024.csproj]
H:\0_REVIT MCP\REVIT_MCP_study-main\MCP\Core\CommandExecutor.cs(1878,45): warning CS0618: 'ElementId.IntegerValue' 撌脩???: 'This property is deprecated in Revit 2024 and may be removed in a future version of Revit. Please use the Value property instead.' [H:\0_REVIT MCP\REVIT_MCP_study-main\MCP\RevitMCP.2024.csproj]
H:\0_REVIT MCP\REVIT_MCP_study-main\MCP\Core\CommandExecutor.cs(2111,41): warning CS0618: 'ElementId.IntegerValue' 撌脩???: 'This property is deprecated in Revit 2024 and may be removed in a future version of Revit. Please use the Value property instead.' [H:\0_REVIT MCP\REVIT_MCP_study-main\MCP\RevitMCP.2024.csproj]
H:\0_REVIT MCP\REVIT_MCP_study-main\MCP\Core\CommandExecutor.cs(2147,55): warning CS0618: 'ElementId.IntegerValue' 撌脩???: 'This property is deprecated in Revit 2024 and may be removed in a future version of Revit. Please use the Value property instead.' [H:\0_REVIT MCP\REVIT_MCP_study-main\MCP\RevitMCP.2024.csproj]
H:\0_REVIT MCP\REVIT_MCP_study-main\MCP\Core\CommandExecutor.cs(2151,30): warning CS0618: 'ElementId.IntegerValue' 撌脩???: 'This property is deprecated in Revit 2024 and may be removed in a future version of Revit. Please use the Value property instead.' [H:\0_REVIT MCP\REVIT_MCP_study-main\MCP\RevitMCP.2024.csproj]
H:\0_REVIT MCP\REVIT_MCP_study-main\MCP\Core\CommandExecutor.cs(2337,80): warning CS0618: 'ElementId.IntegerValue' 撌脩???: 'This property is deprecated in Revit 2024 and may be removed in a future version of Revit. Please use the Value property instead.' [H:\0_REVIT MCP\REVIT_MCP_study-main\MCP\RevitMCP.2024.csproj]
H:\0_REVIT MCP\REVIT_MCP_study-main\MCP\Core\CommandExecutor.cs(2252,49): error CS1501: ?寞? 'NewFamilyInstance' 瘝?隞颱?憭?雿輻 2 ????[H:\0_REVIT MCP\REVIT_MCP_study-main\MCP\RevitMCP.2024.csproj]
    53 ?郎??
    1 ?隤?

蝬??? 00:00:00.72
